// Jest Snapshot v1, https://goo.gl/fbAQLP

exports[`matches snapshot 1`] = `
<body>
  <div>
    <span>
      Trigger
    </span>
  </div>
  <div
    class="tooltip-container"
    style="position: absolute; top: 0px; left: 0px; opacity: 0; pointer-events: none;"
  >
    <div
      class="tooltip-arrow"
    />
    Tooltip
  </div>
</body>
`;
