// Jest Snapshot v1, https://goo.gl/fbAQLP

exports[`matches snapshot 1`] = `
<body>
  <div>
    <span>
      Trigger
    </span>
  </div>
  <div
    class="tooltip-container"
    style="position: absolute; left: 0px; top: 0px;"
  >
    <div
      class="tooltip-arrow"
      data-placement="right"
    />
    Tooltip
  </div>
</body>
`;
